This method shouldn't be called when using parent::func!