string(27) "B::func2: This should work!"
string(27) "B::func3: This should work!"

Warning: call_user_func_array() expects parameter 1 to be a valid callback, cannot access private method B::func22() in /home/sery0ga/work/php-src/Zend/tests/bug48770_2.php on line 22

Warning: call_user_func_array() expects parameter 1 to be a valid callback, class 'B' does not have a method 'inexistent' in /home/sery0ga/work/php-src/Zend/tests/bug48770_2.php on line 23